{
  "comparison": {
    "adjusted_reduction": 0.0125,
    "harbor_before_after_reduction": 0.013749999999999998,
    "ridge_before_after_reduction": 0.0012499999999999976
  },
  "harbor_20_shift_planning_scenario": {
    "available_hours_at_cap": 1360,
    "break_even_rate_reduction": 0.0025,
    "expected_avoided_errors_adjusted": 200.0,
    "forecast_recurring_hours": 1300.0,
    "gross_avoided_cost_usd": 9600.0,
    "headroom_hours": 60.0,
    "hours_per_order_at_observed_pilot": 0.08125,
    "incremental_hours_vs_harbor_baseline": 60.0,
    "incremental_labor_cost_usd": 1920.0,
    "net_avoided_cost_usd": 7680.0,
    "one_off_training_cost_if_economically_counted_usd": 96,
    "one_off_training_hours_already_observed": 3,
    "orders": 16000,
    "proportional_supported_orders_per_shift_at_cap": 836.9230769230769
  },
  "operations_full_shifts": {
    "Harbor_baseline": {
      "avg_recurring_hours_per_shift": 62.0,
      "late_dispatch_rate": 0.005833333333333334,
      "late_dispatches": 14,
      "max_recurring_hours_per_shift": 63,
      "min_recurring_hours_per_shift": 61,
      "overtime_hours": 6,
      "productive_hours": 186,
      "recurring_hours": 186,
      "shifts": 3,
      "shipped": 2400,
      "training_hours": 0
    },
    "Harbor_pilot": {
      "avg_recurring_hours_per_shift": 65.0,
      "late_dispatch_rate": 0.005416666666666667,
      "late_dispatches": 13,
      "max_recurring_hours_per_shift": 65,
      "min_recurring_hours_per_shift": 65,
      "overtime_hours": 15,
      "productive_hours": 198,
      "recurring_hours": 195,
      "shifts": 3,
      "shipped": 2400,
      "training_hours": 3
    },
    "Ridge_baseline": {
      "avg_recurring_hours_per_shift": 62.0,
      "late_dispatch_rate": 0.005833333333333334,
      "late_dispatches": 14,
      "max_recurring_hours_per_shift": 63,
      "min_recurring_hours_per_shift": 61,
      "overtime_hours": 6,
      "productive_hours": 186,
      "recurring_hours": 186,
      "shifts": 3,
      "shipped": 2400,
      "training_hours": 0
    },
    "Ridge_pilot": {
      "avg_recurring_hours_per_shift": 62.0,
      "late_dispatch_rate": 0.005416666666666667,
      "late_dispatches": 13,
      "max_recurring_hours_per_shift": 62,
      "min_recurring_hours_per_shift": 62,
      "overtime_hours": 6,
      "productive_hours": 186,
      "recurring_hours": 186,
      "shifts": 3,
      "shipped": 2400,
      "training_hours": 0
    }
  },
  "quality_full_shifts_mature_only": {
    "Harbor_baseline": {
      "by_band": {
        "complex": {
          "catches": 8,
          "errors": 36,
          "mature": 600,
          "mispack_rate": 0.06,
          "shipped": 600
        },
        "standard": {
          "catches": 5,
          "errors": 27,
          "mature": 1800,
          "mispack_rate": 0.015,
          "shipped": 1800
        }
      },
      "target_mix_standardized_rate": 0.02625,
      "total": {
        "catches": 13,
        "errors": 63,
        "mature": 2400,
        "mispack_rate": 0.02625,
        "shipped": 2400
      }
    },
    "Harbor_pilot": {
      "by_band": {
        "complex": {
          "catches": 18,
          "errors": 18,
          "mature": 600,
          "mispack_rate": 0.03,
          "shipped": 600
        },
        "standard": {
          "catches": 20,
          "errors": 12,
          "mature": 1800,
          "mispack_rate": 0.006666666666666667,
          "shipped": 1800
        }
      },
      "target_mix_standardized_rate": 0.0125,
      "total": {
        "catches": 38,
        "errors": 30,
        "mature": 2400,
        "mispack_rate": 0.0125,
        "shipped": 2400
      }
    },
    "Ridge_baseline": {
      "by_band": {
        "complex": {
          "catches": 7,
          "errors": 36,
          "mature": 600,
          "mispack_rate": 0.06,
          "shipped": 600
        },
        "standard": {
          "catches": 5,
          "errors": 27,
          "mature": 1800,
          "mispack_rate": 0.015,
          "shipped": 1800
        }
      },
      "target_mix_standardized_rate": 0.02625,
      "total": {
        "catches": 12,
        "errors": 63,
        "mature": 2400,
        "mispack_rate": 0.02625,
        "shipped": 2400
      }
    },
    "Ridge_pilot": {
      "by_band": {
        "complex": {
          "catches": 8,
          "errors": 33,
          "mature": 600,
          "mispack_rate": 0.055,
          "shipped": 600
        },
        "standard": {
          "catches": 6,
          "errors": 27,
          "mature": 1800,
          "mispack_rate": 0.015,
          "shipped": 1800
        }
      },
      "target_mix_standardized_rate": 0.025,
      "total": {
        "catches": 14,
        "errors": 60,
        "mature": 2400,
        "mispack_rate": 0.025,
        "shipped": 2400
      }
    }
  },
  "short_shift_2026_07_31": {
    "Harbor": {
      "late_dispatch_rate": 0.00625,
      "late_dispatches": 2,
      "mature_orders": 0,
      "shipped": 320
    },
    "Ridge": {
      "late_dispatch_rate": 0.003125,
      "late_dispatches": 1,
      "mature_orders": 0,
      "shipped": 320
    }
  },
  "validation": {
    "cohort_rows": 28,
    "full_line_shifts": 12,
    "operations_rows": 14,
    "short_line_shifts": [
      [
        "2026-07-31",
        "Harbor"
      ],
      [
        "2026-07-31",
        "Ridge"
      ]
    ],
    "unique_cohort_keys": 28,
    "unique_operations_keys": 14
  }
}
